---
title: VirtIO 不同磁盘控制器的性能对比
date: 2023-05-30 23:43:59
updated: 2023-05-30 23:43:59
categories: Linux
tags:
- VirtIO
- Proxmox VE
- QEMU
- KVM
- VPS
thumbnailImage: 
---
QEMU、KVM、Proxmox VE 中提供了许多不同的磁盘控制器，对比一下不同控制器的性能以及优缺点  
<!-- more -->
## 硬件
我们使用一台搭载 ``WD SN500``、``Intel(R) Core(TM) i5-8250U @ 1.60 GHz``、``32 GB DDR4 RAM`` 的设备完成此测试  

{% tabbed_codeblock 物理机磁盘 %}
    <!-- tab txt -->
        === START OF SMART DATA SECTION ===
        SMART/Health Information (NVMe Log 0x02)
        Critical Warning:                   0x00
        Temperature:                        60 Celsius
        Available Spare:                    100%
        Available Spare Threshold:          10%
        Percentage Used:                    19%
        Data Units Read:                    899,231,704 [460 TB]
        Data Units Written:                 243,344,493 [124 TB]
        Host Read Commands:                 15,904,778,258
        Host Write Commands:                5,047,602,679
        Controller Busy Time:               30,854
        Power Cycles:                       1,964
        Power On Hours:                     19,324
        Unsafe Shutdowns:                   940
        Media and Data Integrity Errors:    0
        Error Information Log Entries:      1
        Warning  Comp. Temperature Time:    0
        Critical Comp. Temperature Time:    0
    <!-- endtab -->
{% endtabbed_codeblock %}

这台机器上，QEMU/KVM 的版本是 ``QEMU emulator version 7.2.0 (pve-qemu-kvm_7.2.0-8)``

## VM
在测试机器上创建一台 VM，配置如下：  

SCSI 控制器先设置为 ``VirtIO SCSI single``，然后按下图设置添加不同类型的磁盘（IDE、SATA、VirtIO Block、SCSI）  

然后开始测试  
